
================================================================================================
Searching file a.txt...
No occurrences found.
================================================================================================

================================================================================================
Searching file b.txt...
No occurrences found.
================================================================================================

================================================================================================
Searching file byz.line.txt...
25j-3joh-01-01 O PRESBUTEROS GAIW TW AGAPHTW ON EGW AGAPW EN ALHQEIA
25j-3joh-01-02 AGAPHTE PERI PANTWN EUXOMAI SE EUODOUSQAI KAI UGIAINEIN KAQWS EUODOUTAI SOU H YUXH
25j-3joh-01-03 EXARHN GAR LIAN ERXOMENWN ADELFWN KAI MARTUROUNTWN SOU TH ALHQEIA KAQWS SU EN ALHQEIA PERIPATEIS
25j-3joh-01-04 MEIZOTERAN TOUTWN OUK EXW XARAN INA AKOUW TA EMA TEKNA EN ALHQEIA PERIPATOUNTA
25j-3joh-01-05 AGAPHTE PISTON POIEIS O EAN ERGASH EIS TOUS ADELFOUS KAI EIS TOUS CENOUS
25j-3joh-01-06 OI EMARTURHSAN SOU TH AGAPH ENWPION EKKLHSIAS OUS KALWS POIHSEIS PROPEMYAS ACIWS TOU QEOU
25j-3joh-01-07 UPER GAR TOU ONOMATOS ECHLQON MHDEN LAMBANONTES APO TWN EQNWN
25j-3joh-01-08 HMEIS OUN OFEILOMEN APOLAMBANEIN TOUS TOIOUTOUS INA SUNERGOI GINWMEQA TH ALHQEIA
25j-3joh-01-09 EGRAYA TH EKKLHSIA ALL O FILOPRWTEUWN AUTWN DIOTREFHS OUK EPIDEXETAI HMAS
25j-3joh-01-10 DIA TOUTO EAN ELQW UPOMNHSW AUTOU TA ERGA A POIEI LOGOIS PONHROIS FLUARWN HMAS KAI MH ARKOUMENOS EPI TOUTOIS OUTE AUTOS EPIDEXETAI TOUS ADELFOUS KAI TOUS BOULOMENOUS KWLUEI KAI EK THS EKKLHSIAS EKBALLEI
25j-3joh-01-11 AGAPHTE MH MIMOU TO KAKON ALLA TO AGAQON O AGAQOPOIWN EK TOU QEOU ESTIN O KAKOPOIWN OUX EWRAKEN TON QEON
25j-3joh-01-12 DHMHTRIW MEMARTURHTAI UPO PANTWN KAI UP AUTHS THS ALHQEIAS KAI HMEIS DE MARTUROUMEN KAI OIDATE OTI H MARTURIA HMWN ALHQHS ESTIN
25j-3joh-01-13 POLLA EIXON GRAFEIN ALL OU QELW DIA MELANOS KAI KALAMOU SOI GRAYAI
25j-3joh-01-14 ELPIZW DE EUQEWS IDEIN SE KAI STOMA PROS STOMA LALHSOMEN EIRHNH SOI ASPAZONTAI SE OI FILOI ASPAZOU TOUS FILOUS KAT ONOMA

================================================================================================

================================================================================================
Searching file byz2005rp.txt...
No occurrences found.
================================================================================================

================================================================================================
Searching file c.txt...
No occurrences found.
================================================================================================

================================================================================================
Searching file d.txt...
No occurrences found.
================================================================================================

================================================================================================
Searching file e.txt...
No occurrences found.
================================================================================================

================================================================================================
Searching file scriv.line.txt...
25j-3joh-01-01 O PRESBUTEROS GAIW TW AGAPHTW ON EGW AGAPW EN ALHQEIA
25j-3joh-01-02 AGAPHTE PERI PANTWN EUXOMAI SE EUODOUSQAI KAI UGIAINEIN KAQWS EUODOUTAI SOU H YUXH
25j-3joh-01-03 EXARHN GAR LIAN ERXOMENWN ADELFWN KAI MARTUROUNTWN SOU TH ALHQEIA KAQWS SU EN ALHQEIA PERIPATEIS
25j-3joh-01-04 MEIZOTERAN TOUTWN OUK EXW XARAN INA AKOUW TA EMA TEKNA EN ALHQEIA PERIPATOUNTA
25j-3joh-01-05 AGAPHTE PISTON POIEIS O EAN ERGASH EIS TOUS ADELFOUS KAI EIS TOUS CENOUS
25j-3joh-01-06 OI EMARTURHSAN SOU TH AGAPH ENWPION EKKLHSIAS OUS KALWS POIHSEIS PROPEMYAS ACIWS TOU QEOU
25j-3joh-01-07 UPER GAR TOU ONOMATOS AUTOU ECHLQON MHDEN LAMBANONTES APO TWN EQNWN
25j-3joh-01-08 HMEIS OUN OFEILOMEN APOLAMBANEIN TOUS TOIOUTOUS INA SUNERGOI GINWMEQA TH ALHQEIA
25j-3joh-01-09 EGRAYA TH EKKLHSIA ALL O FILOPRWTEUWN AUTWN DIOTREFHS OUK EPIDEXETAI HMAS
25j-3joh-01-10 DIA TOUTO EAN ELQW UPOMNHSW AUTOU TA ERGA A POIEI LOGOIS PONHROIS FLUARWN HMAS KAI MH ARKOUMENOS EPI TOUTOIS OUTE AUTOS EPIDEXETAI TOUS ADELFOUS KAI TOUS BOULOMENOUS KWLUEI KAI EK THS EKKLHSIAS EKBALLEI
25j-3joh-01-11 AGAPHTE MH MIMOU TO KAKON ALLA TO AGAQON O AGAQOPOIWN EK TOU QEOU ESTIN O DE KAKOPOIWN OUX EWRAKEN TON QEON
25j-3joh-01-12 DHMHTRIW MEMARTURHTAI UPO PANTWN KAI UP AUTHS THS ALHQEIAS KAI HMEIS DE MARTUROUMEN KAI OIDATE OTI H MARTURIA HMWN ALHQHS ESTIN
25j-3joh-01-13 POLLA EIXON GRAFEIN ALL OU QELW DIA MELANOS KAI KALAMOU SOI GRAYAI
25j-3joh-01-14 ELPIZW DE EUQEWS IDEIN SE KAI STOMA PROS STOMA LALHSOMEN EIRHNH SOI ASPAZONTAI SE OI FILOI ASPAZOU TOUS FILOUS KAT ONOMA

================================================================================================

================================================================================================
Searching file steph.line.txt...
25j-3joh-01-01 O PRESBUTEROS GAIW TW AGAPHTW ON EGW AGAPW EN ALHQEIA
25j-3joh-01-02 AGAPHTE PERI PANTWN EUXOMAI SE EUODOUSQAI KAI UGIAINEIN KAQWS EUODOUTAI SOU H YUXH
25j-3joh-01-03 EXARHN GAR LIAN ERXOMENWN ADELFWN KAI MARTUROUNTWN SOU TH ALHQEIA KAQWS SU EN ALHQEIA PERIPATEIS
25j-3joh-01-04 MEIZOTERAN TOUTWN OUK EXW XARAN INA AKOUW TA EMA TEKNA EN ALHQEIA PERIPATOUNTA
25j-3joh-01-05 AGAPHTE PISTON POIEIS O EAN ERGASH EIS TOUS ADELFOUS KAI EIS TOUS CENOUS
25j-3joh-01-06 OI EMARTURHSAN SOU TH AGAPH ENWPION EKKLHSIAS OUS KALWS POIHSEIS PROPEMYAS ACIWS TOU QEOU
25j-3joh-01-07 UPER GAR TOU ONOMATOS ECHLQON MHDEN LAMBANONTES APO TWN EQNWN
25j-3joh-01-08 HMEIS OUN OFEILOMEN APOLAMBANEIN TOUS TOIOUTOUS INA SUNERGOI GINWMEQA TH ALHQEIA
25j-3joh-01-09 EGRAYA TH EKKLHSIA ALL O FILOPRWTEUWN AUTWN DIOTREFHS OUK EPIDEXETAI HMAS
25j-3joh-01-10 DIA TOUTO EAN ELQW UPOMNHSW AUTOU TA ERGA A POIEI LOGOIS PONHROIS FLUARWN HMAS KAI MH ARKOUMENOS EPI TOUTOIS OUTE AUTOS EPIDEXETAI TOUS ADELFOUS KAI TOUS BOULOMENOUS KWLUEI KAI EK THS EKKLHSIAS EKBALLEI
25j-3joh-01-11 AGAPHTE MH MIMOU TO KAKON ALLA TO AGAQON O AGAQOPOIWN EK TOU QEOU ESTIN O DE KAKOPOIWN OUX EWRAKEN TON QEON
25j-3joh-01-12 DHMHTRIW MEMARTURHTAI UPO PANTWN KAI UP AUTHS THS ALHQEIAS KAI HMEIS DE MARTUROUMEN KAI OIDATE OTI H MARTURIA HMWN ALHQHS ESTIN
25j-3joh-01-13 POLLA EIXON GRAFEIN ALL OU QELW DIA MELANOS KAI KALAMOU SOI GRAYAI
25j-3joh-01-14 ELPIZW DE EUQEWS IDEIN SE KAI STOMA PROS STOMA LALHSOMEN EIRHNH SOI ASPAZONTAI SE OI FILOI ASPAZOU TOUS FILOUS KAT ONOMA

================================================================================================

================================================================================================
Searching file tisch.txt...
No occurrences found.
================================================================================================

================================================================================================
Searching file w-h.line.txt...
25j-3joh-01-01 O PRESBUTEROS GAIW TW AGAPHTW ON EGW AGAPW EN ALHQEIA
25j-3joh-01-02 AGAPHTE PERI PANTWN EUXOMAI SE EUODOUSQAI KAI UGIAINEIN KAQWS EUODOUTAI SOU H YUXH
25j-3joh-01-03 EXARHN GAR LIAN ERXOMENWN ADELFWN KAI MARTUROUNTWN SOU TH ALHQEIA KAQWS SU EN ALHQEIA PERIPATEIS
25j-3joh-01-04 MEIZOTERAN TOUTWN OUK EXW XARIN INA AKOUW TA EMA TEKNA EN TH ALHQEIA PERIPATOUNTA
25j-3joh-01-05 AGAPHTE PISTON POIEIS O EAN ERGASH EIS TOUS ADELFOUS KAI TOUTO CENOUS
25j-3joh-01-06 OI EMARTURHSAN SOU TH AGAPH ENWPION EKKLHSIAS OUS KALWS POIHSEIS PROPEMYAS ACIWS TOU QEOU
25j-3joh-01-07 UPER GAR TOU ONOMATOS ECHLQON MHDEN LAMBANONTES APO TWN EQNIKWN
25j-3joh-01-08 HMEIS OUN OFEILOMEN UPOLAMBANEIN TOUS TOIOUTOUS INA SUNERGOI GINWMEQA TH ALHQEIA
25j-3joh-01-09 EGRAYA TI TH EKKLHSIA ALL O FILOPRWTEUWN AUTWN DIOTREFHS OUK EPIDEXETAI HMAS
25j-3joh-01-10 DIA TOUTO EAN ELQW UPOMNHSW AUTOU TA ERGA A POIEI LOGOIS PONHROIS FLUARWN HMAS KAI MH ARKOUMENOS EPI TOUTOIS OUTE AUTOS EPIDEXETAI TOUS ADELFOUS KAI TOUS BOULOMENOUS KWLUEI KAI EK THS EKKLHSIAS EKBALLEI
25j-3joh-01-11 AGAPHTE MH MIMOU TO KAKON ALLA TO AGAQON O AGAQOPOIWN EK TOU QEOU ESTIN O KAKOPOIWN OUX EWRAKEN TON QEON
25j-3joh-01-12 DHMHTRIW MEMARTURHTAI UPO PANTWN KAI UPO AUTHS THS ALHQEIAS KAI HMEIS DE MARTUROUMEN KAI OIDAS OTI H MARTURIA HMWN ALHQHS ESTIN
25j-3joh-01-13 POLLA EIXON GRAYAI SOI ALL OU QELW DIA MELANOS KAI KALAMOU SOI GRAFEIN
25j-3joh-01-14 ELPIZW DE EUQEWS SE IDEIN KAI STOMA PROS STOMA LALHSOMEN [1 15] EIRHNH SOI ASPAZONTAI SE OI FILOI ASPAZOU TOUS FILOUS KAT ONOMA

================================================================================================

================================================================================================
Searching file wh-or-na.line.txt...
25j-3joh-01-01 O PRESBUTEROS GAIW TW AGAPHTW ON EGW AGAPW EN ALHQEIA
25j-3joh-01-02 AGAPHTE PERI PANTWN EUXOMAI SE EUODOUSQAI KAI UGIAINEIN KAQWS EUODOUTAI SOU H YUXH
25j-3joh-01-03 EXARHN GAR LIAN ERXOMENWN ADELFWN KAI MARTUROUNTWN SOU TH ALHQEIA KAQWS SU EN ALHQEIA PERIPATEIS
25j-3joh-01-04 MEIZOTERAN TOUTWN OUK EXW { XARIN | XARAN } INA AKOUW TA EMA TEKNA EN TH ALHQEIA PERIPATOUNTA
25j-3joh-01-05 AGAPHTE PISTON POIEIS O EAN ERGASH EIS TOUS ADELFOUS KAI TOUTO CENOUS
25j-3joh-01-06 OI EMARTURHSAN SOU TH AGAPH ENWPION EKKLHSIAS OUS KALWS POIHSEIS PROPEMYAS ACIWS TOU QEOU
25j-3joh-01-07 UPER GAR TOU ONOMATOS ECHLQON MHDEN LAMBANONTES APO TWN EQNIKWN
25j-3joh-01-08 HMEIS OUN OFEILOMEN UPOLAMBANEIN TOUS TOIOUTOUS INA SUNERGOI GINWMEQA TH ALHQEIA
25j-3joh-01-09 EGRAYA TI TH EKKLHSIA ALL O FILOPRWTEUWN AUTWN DIOTREFHS OUK EPIDEXETAI HMAS
25j-3joh-01-10 DIA TOUTO EAN ELQW UPOMNHSW AUTOU TA ERGA A POIEI LOGOIS PONHROIS FLUARWN HMAS KAI MH ARKOUMENOS EPI TOUTOIS OUTE AUTOS EPIDEXETAI TOUS ADELFOUS KAI TOUS BOULOMENOUS KWLUEI KAI EK THS EKKLHSIAS EKBALLEI
25j-3joh-01-11 AGAPHTE MH MIMOU TO KAKON ALLA TO AGAQON O AGAQOPOIWN EK TOU QEOU ESTIN O KAKOPOIWN OUX EWRAKEN TON QEON
25j-3joh-01-12 DHMHTRIW MEMARTURHTAI UPO PANTWN KAI UPO AUTHS THS ALHQEIAS KAI HMEIS DE MARTUROUMEN KAI OIDAS OTI H MARTURIA HMWN ALHQHS ESTIN
25j-3joh-01-13 POLLA EIXON GRAYAI SOI ALL OU QELW DIA MELANOS KAI KALAMOU SOI GRAFEIN
25j-3joh-01-14 ELPIZW DE EUQEWS SE IDEIN KAI STOMA PROS STOMA LALHSOMEN [1 15] EIRHNH SOI ASPAZONTAI SE OI FILOI ASPAZOU TOUS FILOUS KAT ONOMA

================================================================================================

================================================================================================
Searching file a.txt...
No occurrences found.
================================================================================================

================================================================================================
Searching file b.txt...
No occurrences found.
================================================================================================

================================================================================================
Searching file byz.line.txt...
No occurrences found.
================================================================================================

================================================================================================
Searching file byz2005rp.txt...
25J-3JOH-01-01 O PRESBUTEROV GAIW TW AGAPHTW ON EGW AGAPW EN ALHYEIA
25J-3JOH-01-02 AGAPHTE PERI PANTWN EUCOMAI SE EUODOUSYAI KAI UGIAINEIN KAYWV EUODOUTAI SOU H QUCH
25J-3JOH-01-03 ECARHN GAR LIAN ERCOMENWN ADELFWN KAI MARTUROUNTWN SOU TH ALHYEIA KAYWV SU EN ALHYEIA PERIPATEIV
25J-3JOH-01-04 MEIZOTERAN TOUTWN OUK ECW CARAN INA AKOUW TA EMA TEKNA EN ALHYEIA PERIPATOUNTA
25J-3JOH-01-05 AGAPHTE PISTON POIEIV O EAN ERGASH EIV TOUV ADELFOUV KAI EIV TOUV XENOUV
25J-3JOH-01-06 OI EMARTURHSAN SOU TH AGAPH ENWPION EKKLHSIAV OUV KALWV POIHSEIV PROPEMQAV AXIWV TOU YEOU
25J-3JOH-01-07 UPER GAR TOU ONOMATOV EXHLYON MHDEN LAMBANONTEV APO TWN EYNWN
25J-3JOH-01-08 HMEIV OUN OFEILOMEN APOLAMBANEIN TOUV TOIOUTOUV INA SUNERGOI GINWMEYA TH ALHYEIA
25J-3JOH-01-09 EGRAQA TH EKKLHSIA ALL O FILOPRWTEUWN AUTWN DIOTREFHV OUK EPIDECETAI HMAV
25J-3JOH-01-10 DIA TOUTO EAN ELYW UPOMNHSW AUTOU TA ERGA A POIEI LOGOIV PONHROIV FLUARWN HMAV KAI MH ARKOUMENOV EPI TOUTOIV OUTE AUTOV EPIDECETAI TOUV ADELFOUV KAI TOUV BOULOMENOUV KWLUEI KAI EK THV EKKLHSIAV EKBALLEI
25J-3JOH-01-11 AGAPHTE MH MIMOU TO KAKON ALLA TO AGAYON O AGAYOPOIWN EK TOU YEOU ESTIN O KAKOPOIWN OUC EWRAKEN TON YEON
25J-3JOH-01-12 DHMHTRIW MEMARTURHTAI UPO PANTWN KAI UP AUTHV THV ALHYEIAV KAI HMEIV DE MARTUROUMEN KAI OIDATE OTI H MARTURIA HMWN ALHYHV ESTIN
25J-3JOH-01-13 POLLA EICON GRAFEIN ALL OU YELW DIA MELANOV KAI KALAMOU SOI GRAQAI
25J-3JOH-01-14 ELPIZW DE EUYEWV IDEIN SE KAI STOMA PROV STOMA LALHSOMEN EIRHNH SOI ASPAZONTAI SE OI FILOI ASPAZOU TOUV FILOUV KAT ONOMA

================================================================================================

================================================================================================
Searching file c.txt...
No occurrences found.
================================================================================================

================================================================================================
Searching file d.txt...
No occurrences found.
================================================================================================

================================================================================================
Searching file e.txt...
No occurrences found.
================================================================================================

================================================================================================
Searching file scriv.line.txt...
No occurrences found.
================================================================================================

================================================================================================
Searching file steph.line.txt...
No occurrences found.
================================================================================================

================================================================================================
Searching file tisch.txt...
25j-3JOH-01-01 O PRESBUTEROS GAIW TW AGAPHTW ON EGW AGAPW EN ALHQEIA
25j-3JOH-01-02 AGAPHTE PERI PANTWN EUXOMAI SE EUODOUSQAI KAI UGIAINEIN KAQWS EUODOUTAI SOU H YUXH
25j-3JOH-01-03 EXARHN LIAN ERXOMENWN ADELFWN KAI MARTUROUNTWN SOU TH ALHQEIA KAQWS SU EN ALHQEIA PERIPATEIS
25j-3JOH-01-04 MEIZOTERAN TOUTWN OUK EXW XARAN INA AKOUW TA EMA TEKNA EN TH ALHQEIA PERIPATOUNTA
25j-3JOH-01-05 AGAPHTE PISTON POIEIS O EAN ERGASH EIS TOUS ADELFOUS KAI TOUTO CENOUS
25j-3JOH-01-06 OI EMARTURHSAN SOU TH AGAPH ENWPION EKKLHSIAS OUS KALWS POIHSEIS PROPEMYAS ACIWS TOU QEOU
25j-3JOH-01-07 UPER GAR TOU ONOMATOS ECHLQAN MHDEN LAMBANONTES APO TWN EQNIKWN
25j-3JOH-01-08 HMEIS OUN OFEILOMEN UPOLAMBANEIN TOUS TOIOUTOUS INA SUNERGOI GINWMEQA TH ALHQEIA
25j-3JOH-01-09 EGRAYA TI TH EKKLHSIA ALL O FILOPRWTEUWN AUTWN DIOTREFHS OUK EPIDEXETAI HMAS
25j-3JOH-01-10 DIA TOUTO EAN ELQW UPOMNHSW AUTOU TA ERGA A POIEI LOGOIS PONHROIS FLUARWN HMAS KAI MH ARKOUMENOS EPI TOUTOIS OUTE AUTOS EPIDEXETAI TOUS ADELFOUS KAI TOUS BOULOMENOUS KWLUEI KAI THS EKKLHSIAS EKBALLEI
25j-3JOH-01-11 AGAPHTE MH MIMOU TO KAKON ALLA TO AGAQON O AGAQOPOIWN EK TOU QEOU ESTIN O KAKOPOIWN OUX EWRAKEN TON QEON
25j-3JOH-01-12 DHMHTRIW MEMARTURHTAI UPO PANTWN KAI UPO AUTHS THS ALHQEIAS KAI HMEIS DE MARTUROUMEN KAI OIDAS OTI H MARTURIA HMWN ALHQHS ESTIN
25j-3JOH-01-13 POLLA EIXON GRAYAI SOI ALL OU QELW DIA MELANOS KAI KALAMOU SOI GRAFEIN
25j-3JOH-01-14 ELPIZW DE EUQEWS SE IDEIN KAI STOMA PROS STOMA LALHSOMEN
25j-3JOH-01-15 EIRHNH SOI ASPAZONTAI SE OI FILOI ASPAZOU TOUS FILOUS KAT ONOMA

================================================================================================

================================================================================================
Searching file w-h.line.txt...
No occurrences found.
================================================================================================

================================================================================================
Searching file wh-or-na.line.txt...
No occurrences found.
================================================================================================
